int function() {
  int a;
  a = 1 + 3 * 3 % 2 % read();
  print();
  return a;
}


