int f(int a, int b) {
  int c;
  c = 0;
  while (c < 5) {
    c = c + 1;
  }
  if (a > b) {
    a = b;
  }
  else {
    b = a;
  }
  print(a + b);
  return a + b;
}

int main() {
  int r;
  r = f(2, 3);
  print(g());
}


